===============================================================
BomRoot:  -- ROOT -- 
===============================================================
+++++++++++++++++++++++++++++++++++++++++++++++++
AirportPair: LHR, SYD
+++++++++++++++++++++++++++++++++++++++++++++++++
------------------------------------------
DatePeriod: [2011-Jan-15/2011-Dec-30]
------------------------------------------
******************************************
PosChannel: LHR,DN
******************************************
----------------------------------------
TimePeriod: 00:00:00-23:00:00
----------------------------------------
--------------------------------------
Fare-Features: RT -- 0-1-1-1-0
--------------------------------------
------------------------------------
AirlineClassList: BA Y
------------------------------------
